../Core/Src/main.c:68:5:main	16	static
../Core/Src/main.c:137:6:CAN1_RX0_IRQHandler	16	static,ignoring_inline_asm
../Core/Src/main.c:159:6:CAN1_RX1_IRQHandler	16	static,ignoring_inline_asm
../Core/Src/main.c:174:6:USART2_IRQHandler	16	static,ignoring_inline_asm
../Core/Src/main.c:192:6:USART3_IRQHandler	8	static,ignoring_inline_asm
../Core/Src/main.c:208:6:DMA1_Stream1_IRQHandler	8	static
../Core/Src/main.c:226:6:DMA1_Stream3_IRQHandler	8	static
../Core/Src/main.c:236:6:DMA1_Stream5_IRQHandler	16	static
../Core/Src/main.c:254:6:SystemClock_Config	88	static
../Core/Src/main.c:295:6:usart2_dma_rx_task	24	static
../Core/Src/main.c:317:6:usart5_dma_rx_tx_task	16	static
../Core/Src/main.c:324:6:send_task	16	static
../Core/Src/main.c:342:6:obd_module	56	static
../Core/Src/main.c:375:6:can_task	32	static
../Core/Src/main.c:398:6:Error_Handler	4	static,ignoring_inline_asm
