../Drivers/CMSIS/Include/core_cm4.h:1684:22:__NVIC_EnableIRQ	16	static,ignoring_inline_asm
../Drivers/CMSIS/Include/core_cm4.h:1814:22:__NVIC_SetPriority	16	static
../Core/Src/Peripherals/can.c:6:6:can_filter_init	16	static
../Core/Src/Peripherals/can.c:70:6:can_init	8	static
../Core/Src/Peripherals/can.c:155:5:can_send_request	24	static
../Core/Src/Peripherals/can.c:183:5:can_process	16	static
../Core/Src/Peripherals/can.c:227:10:engine_rpm_receive	16	static
../Core/Src/Peripherals/can.c:231:9:engine_load_receive	16	static
../Core/Src/Peripherals/can.c:235:9:tank_level_receive	16	static
../Core/Src/Peripherals/can.c:239:5:can_receive	24	static
../Core/Src/Peripherals/can.c:266:5:can_send	24	static
