../Core/Src/main.c:64:5:main	16	static
../Core/Src/main.c:129:6:CAN1_RX0_IRQHandler	16	static,ignoring_inline_asm
../Core/Src/main.c:151:6:CAN1_RX1_IRQHandler	16	static,ignoring_inline_asm
../Core/Src/main.c:166:6:USART2_IRQHandler	16	static,ignoring_inline_asm
../Core/Src/main.c:184:6:USART5_IRQHandler	8	static,ignoring_inline_asm
../Core/Src/main.c:200:6:DMA1_Stream0_IRQHandler	8	static
../Core/Src/main.c:217:6:DMA1_Stream5_IRQHandler	16	static
../Core/Src/main.c:235:6:SystemClock_Config	88	static
../Core/Src/main.c:276:6:usart2_dma_rx_task	24	static
../Core/Src/main.c:298:6:usart5_dma_rx_tx_task	16	static
../Core/Src/main.c:305:6:send_task	16	static
../Core/Src/main.c:323:6:obd_module	56	static
../Core/Src/main.c:356:6:can_task	32	static
../Core/Src/main.c:379:6:Error_Handler	4	static,ignoring_inline_asm
