../Drivers/CMSIS/Include/core_cm4.h:1684:22:__NVIC_EnableIRQ	16	static,ignoring_inline_asm
../Drivers/CMSIS/Include/core_cm4.h:1814:22:__NVIC_SetPriority	16	static
../Core/Src/Peripherals/uart.c:14:10:compute_uart_div	16	static
../Core/Src/Peripherals/uart.c:20:6:set_uart_baudrate	24	static
../Core/Src/Peripherals/uart.c:33:6:uart2_rx_tx_init	8	static
../Core/Src/Peripherals/uart.c:99:6:uart3_rx_tx_init	8	static
../Core/Src/Peripherals/uart.c:160:6:uart5_rx_tx_init	8	static
../Core/Src/Peripherals/uart.c:215:6:dma1_init	8	static
../Core/Src/Peripherals/uart.c:232:6:dma1_stream0_rx_config	16	static
../Core/Src/Peripherals/uart.c:279:6:dma1_stream1_rx_config	16	static
../Core/Src/Peripherals/uart.c:328:6:dma1_stream3_tx_config	16	static
../Core/Src/Peripherals/uart.c:369:6:dma1_stream5_rx_config	16	static
../Core/Src/Peripherals/uart.c:419:6:dma1_stream7_tx_config	16	static
../Core/Src/Peripherals/uart.c:457:6:usart2_process_data	24	static
../Core/Src/Peripherals/uart.c:480:6:usart3_process_data	24	static
../Core/Src/Peripherals/uart.c:499:6:usart2_dma_check_buffer	24	static
../Core/Src/Peripherals/uart.c:522:6:usart3_dma_check_buffer	24	static
../Core/Src/Peripherals/uart.c:545:5:usart3_process_sim800l_answer	24	static
../Core/Src/Peripherals/uart.c:566:5:usart3_dma_check_sim800l_answer	24	static
../Core/Src/Peripherals/uart.c:594:6:DMA1_Stream6_IRQHandler	4	static
../Core/Src/Peripherals/uart.c:598:6:uart2_callback	4	static
